09:12:00.514 INFO  log log 
09:12:00.515 INFO  created twitter request thing with options 
09:12:00.515 INFO  [{"query":"clinton%20-filter%3Aretweets","fromDate":"201611010000","toDate":"201611070000","geocode":"38.8182197078527,-105.4182549803516,293km"}] 
09:51:24.254 INFO  log log 
09:51:24.255 INFO  created twitter request thing with options 
09:51:24.255 INFO  [{"query":"clinton%20-filter%3Aretweets","fromDate":"201611010000","toDate":"201611070000","geocode":"38.8182197078527,-105.4182549803516,293km"}] 
09:51:24.694 INFO  AAAAAAAAAAAAAAAAAAAAAP7E9QAAAAAAKJXNm2JIkAtif9H%2FpWMAmHGLidc%3DdP5eib6AXhF7P3Nwbl0tfssnUJBXrOC1bh236eNAmrFhgh108M 
10:45:40.802 INFO  log log 
10:45:40.802 INFO  created twitter request thing with options 
10:45:40.803 INFO  [{"query":"clinton%20-filter%3Aretweets","fromDate":"201611010000","toDate":"201611070000","geocode":"38.8182197078527,-105.4182549803516,293km"}] 
10:45:41.206 INFO  AAAAAAAAAAAAAAAAAAAAAP7E9QAAAAAAKJXNm2JIkAtif9H%2FpWMAmHGLidc%3DdP5eib6AXhF7P3Nwbl0tfssnUJBXrOC1bh236eNAmrFhgh108M 
